// Jest Snapshot v1, https://goo.gl/fbAQLP

exports[`App component renders App 1`] = `
<div>
  <CampaignsProvider>
    <BrowserRouter>
      <Header />
      <Switch>
        <Route
          component={[Function]}
          exact={true}
          path="/"
        />
        <Route
          component={[Function]}
          exact={true}
          path="/campaigns"
        />
        <Route
          component={[Function]}
          exact={true}
          path="/campaigns/central-cal-fires"
        />
        <Route
          component={[Function]}
          exact={true}
          path="/campaigns/no-cal-fires"
        />
        <Route
          component={[Function]}
          exact={true}
          path="/campaigns/oregon-fires"
        />
        <Route
          component={[Function]}
          exact={true}
          path="/campaigns/so-cal-fires"
        />
        <Route
          component={[Function]}
          exact={true}
          path="/campaigns/washington-fires"
        />
        <Route
          component={[Function]}
          exact={true}
          path="/campaigns/:id?"
        />
        <Route
          component={[Function]}
          exact={true}
          path="/about"
        />
      </Switch>
    </BrowserRouter>
  </CampaignsProvider>
</div>
`;
